lora.c:30:6:vSpi1Write	48	static
lora.c:48:4:ucSpi1Read	48	static
lora.c:88:6:vLongRangeModeInit	24	static
lora.c:106:6:vAccessSharedRegInit	24	static
lora.c:123:6:vLowFrequencyModeOnInit	24	static
lora.c:140:6:vModeInit	24	static
lora.c:158:6:vFrfInit	16	static
lora.c:170:6:vPaSelectInit	24	static
lora.c:187:6:vMaxPowerInit	24	static
lora.c:204:6:vOutputPowerInit	24	static
lora.c:221:6:vPaRampInit	24	static
lora.c:238:6:vOcpOnInit	24	static
lora.c:255:6:vOcpTrimInit	24	static
lora.c:272:6:vLnaGainInit	24	static
lora.c:289:6:vLnaBoostLfInit	24	static
lora.c:306:6:vLnaBoostHfInit	24	static
lora.c:345:6:vFifoTxBaseAddrInit	16	static
lora.c:355:6:vFifoRxBaseAddrInit	16	static
lora.c:365:4:ucFifoRxCurrentAddrRead	16	static
lora.c:473:6:vIrqFlagsMaskInit	24	static
lora.c:486:4:ucIrqFlagsRead	16	static
lora.c:498:6:vIrqFlagsClear	24	static
lora.c:511:4:ucFifoRxBytesNbRead	16	static
lora.c:523:5:usValidHeaderCntRead	16	static
lora.c:536:5:usValidPacketCntRead	16	static
lora.c:549:4:ucRxCodingRateRead	16	static
lora.c:561:4:ucModemStatusRead	16	static
lora.c:573:4:ucPacketSnrRead	16	static
lora.c:585:5:ucPacketRssiRead	24	static
lora.c:597:4:ucRssiRead	16	static
lora.c:609:4:ucPllTimeoutRead	16	static
lora.c:621:4:ucCrcOnPayloadread	16	static
lora.c:633:4:ucFhssPresentChannelRead	16	static
lora.c:645:6:vBandWidthInit	24	static
lora.c:662:6:vCodingRateInit	24	static
lora.c:679:6:vImplicitHeaderModeOnInit	24	static
lora.c:696:6:vSpreadingFactorInit	24	static
lora.c:713:6:vTxContinuousModeInit	24	static
lora.c:730:6:vRxPayloadCrcOnInit	24	static
lora.c:747:6:vSymbTimeoutInit	24	static
lora.c:762:6:vPreambleLengthInit	16	static
lora.c:773:6:vPayloadLengthInit	16	static
lora.c:783:6:vPayloadMaxLengthInit	16	static
lora.c:793:6:vFreqHoppingPeriodInit	16	static
lora.c:803:4:ucFifoRxByteAddrPtr	16	static
lora.c:815:6:vLowDataRateOptimizeInit	24	static
lora.c:832:6:vAgcAutoOnInit	24	static
lora.c:849:14:uiFreqError	24	static
lora.c:863:4:ucRssiWidebandInit	16	static
lora.c:875:6:vDetectionOptimizeInit	24	static
lora.c:892:6:vInvertIQInit	24	static
lora.c:909:6:vDetectionThresholdInit	16	static
lora.c:922:6:vSyncWordInit	16	static
lora.c:932:6:vDio0MappingInit	24	static
lora.c:949:6:vDio1MappingInit	24	static
lora.c:966:6:vDio2MappingInit	24	static
lora.c:983:6:vDio3MappingInit	24	static
lora.c:1000:6:vDio4MappingInit	24	static
lora.c:1017:6:vDio5MappingInit	24	static
lora.c:1035:6:vMapPreambleDetectInit	24	static
lora.c:1052:4:ucVersionRead	16	static
lora.c:1064:6:vTcxoInputOnInit	24	static
lora.c:1081:6:vPaDacInit	24	static
lora.c:1099:6:vFormerTempInit	16	static
lora.c:1109:6:vAgcReferenceLevelInit	24	static
lora.c:1126:6:vAgcStep1Init	24	static
lora.c:1143:6:vAgcStep2Init	24	static
lora.c:1160:6:vAgcStep3Init	24	static
lora.c:1177:6:vAgcStep4Init	24	static
lora.c:1194:6:vAgcStep5Init	24	static
lora.c:1211:6:vPllBandwidth	24	static
lora.c:1228:6:vLoraInit	24	static
lora.c:1642:5:usLoRaGetPreamble	16	static
lora.c:1648:4:usLoRaGetBandwidth	8	static
lora.c:1653:4:usLoRaGetCodingRate	8	static
lora.c:1658:4:usLoRaGetHeaderMode	8	static
lora.c:1663:4:usLoraGetSpreadingFactor	8	static
lora.c:1668:6:LoRaTransmit	120	static
lora.c:1713:6:LoRaReceiveCont	72	static
lora.c:1776:6:vNodeTransmitResponse	24	static
lora.c:1841:6:vGateWayTransmitRequest	40	static
lora.c:1866:6:vReceiveFifoData	96	static
