lora.c:23:6:vSpi1Write	48	static
lora.c:41:4:ucSpi1Read	48	static
lora.c:81:6:vLongRangeModeInit	24	static
lora.c:99:6:vAccessSharedRegInit	24	static
lora.c:116:6:vLowFrequencyModeOnInit	24	static
lora.c:133:6:vModeInit	24	static
lora.c:150:6:vFrfInit	16	static
lora.c:162:6:vPaSelectInit	24	static
lora.c:179:6:vMaxPowerInit	24	static
lora.c:196:6:vOutputPowerInit	24	static
lora.c:213:6:vPaRampInit	24	static
lora.c:230:6:vOcpOnInit	24	static
lora.c:247:6:vOcpTrimInit	24	static
lora.c:264:6:vLnaGainInit	24	static
lora.c:281:6:vLnaBoostLfInit	24	static
lora.c:298:6:vLnaBoostHfInit	24	static
lora.c:337:6:vFifoTxBaseAddrInit	16	static
lora.c:347:6:vFifoRxBaseAddrInit	16	static
lora.c:357:4:ucFifoRxCurrentAddrRead	16	static
lora.c:465:6:vIrqFlagsMaskInit	24	static
lora.c:478:4:ucIrqFlagsRead	16	static
lora.c:490:6:vIrqFlagsClear	24	static
lora.c:503:4:ucFifoRxBytesNbRead	16	static
lora.c:515:5:usValidHeaderCntRead	16	static
lora.c:528:5:usValidPacketCntRead	16	static
lora.c:541:4:ucRxCodingRateRead	16	static
lora.c:553:4:ucModemStatusRead	16	static
lora.c:565:4:ucPacketSnrRead	16	static
lora.c:577:5:ucPacketRssiRead	24	static
lora.c:589:4:ucRssiRead	16	static
lora.c:601:4:ucPllTimeoutRead	16	static
lora.c:613:4:ucCrcOnPayloadread	16	static
lora.c:625:4:ucFhssPresentChannelRead	16	static
lora.c:637:6:vBandWidthInit	24	static
lora.c:654:6:vCodingRateInit	24	static
lora.c:671:6:vImplicitHeaderModeOnInit	24	static
lora.c:688:6:vSpreadingFactorInit	24	static
lora.c:705:6:vTxContinuousModeInit	24	static
lora.c:722:6:vRxPayloadCrcOnInit	24	static
lora.c:739:6:vSymbTimeoutInit	24	static
lora.c:754:6:vPreambleLengthInit	16	static
lora.c:765:6:vPayloadLengthInit	16	static
lora.c:775:6:vPayloadMaxLengthInit	16	static
lora.c:785:6:vFreqHoppingPeriodInit	16	static
lora.c:795:4:ucFifoRxByteAddrPtr	16	static
lora.c:807:6:vLowDataRateOptimizeInit	24	static
lora.c:824:6:vAgcAutoOnInit	24	static
lora.c:841:14:uiFreqError	24	static
lora.c:855:4:ucRssiWidebandInit	16	static
lora.c:867:6:vDetectionOptimizeInit	24	static
lora.c:884:6:vInvertIQInit	24	static
lora.c:901:6:vDetectionThresholdInit	16	static
lora.c:914:6:vSyncWordInit	16	static
lora.c:924:6:vDio0MappingInit	24	static
lora.c:941:6:vDio1MappingInit	24	static
lora.c:958:6:vDio2MappingInit	24	static
lora.c:975:6:vDio3MappingInit	24	static
lora.c:992:6:vDio4MappingInit	24	static
lora.c:1009:6:vDio5MappingInit	24	static
lora.c:1027:6:vMapPreambleDetectInit	24	static
lora.c:1044:4:ucVersionRead	16	static
lora.c:1056:6:vTcxoInputOnInit	24	static
lora.c:1073:6:vPaDacInit	24	static
lora.c:1091:6:vFormerTempInit	16	static
lora.c:1101:6:vAgcReferenceLevelInit	24	static
lora.c:1118:6:vAgcStep1Init	24	static
lora.c:1135:6:vAgcStep2Init	24	static
lora.c:1152:6:vAgcStep3Init	24	static
lora.c:1169:6:vAgcStep4Init	24	static
lora.c:1186:6:vAgcStep5Init	24	static
lora.c:1203:6:vPllBandwidth	24	static
lora.c:1220:6:vLoraInit	112	static
lora.c:1356:6:vLoraTransmit	104	static
lora.c:1426:6:vLoraReceive	32	static
lora.c:1617:6:vLoRaConfigure	16	static
lora.c:1624:5:usLoRaGetPreamble	16	static
lora.c:1630:4:usLoRaGetBandwidth	8	static
lora.c:1635:4:usLoRaGetCodingRate	8	static
lora.c:1640:4:usLoRaGetHeaderMode	8	static
lora.c:1645:4:usLoraGetSpreadingFactor	8	static
