lora.c:24:6:vUart1Transmit	16	static
lora.c:29:6:vSpi1Write	16	static
lora.c:45:9:ucSpi1Read	24	static
lora.c:58:9:ucReadFifo	16	static
lora.c:65:6:vWriteFifo	16	static
lora.c:75:6:vLongRangeModeInit	24	static
lora.c:87:6:vAccessSharedRegInit	24	static
lora.c:99:6:vLowFrequencyModeOnInit	24	static
lora.c:115:6:vModeInit	24	static
lora.c:127:6:vFrfInit	16	static
lora.c:138:6:vPaSelectInit	24	static
lora.c:150:6:vMaxPowerInit	24	static
lora.c:162:6:vOutputPowerInit	24	static
lora.c:174:6:vPaRampInit	24	static
lora.c:186:6:vOcpOnInit	24	static
lora.c:203:6:vOcpTrim	24	static
lora.c:215:6:vLnaGainInit	24	static
lora.c:227:6:vLnaBoostLfInit	24	static
lora.c:239:6:vLnaBoostHfInit	24	static
lora.c:251:9:ucFifoAddrPtrRead	16	static
lora.c:258:6:vFifoAddrPtrWrite	16	static
lora.c:263:6:vFifoTxBaseAddrInit	16	static
lora.c:268:6:vFifoRxBaseAddrInit	16	static
lora.c:273:9:ucFifoRxCurrentAddrRead	16	static
lora.c:377:6:vIrqFlagsMaskInit	24	static
lora.c:385:9:ucIrqFlagsRead	16	static
lora.c:392:6:vIrqFlagsClear	24	static
lora.c:400:9:ucFifoRxBytesNbRead	16	static
lora.c:407:10:usValidHeaderCntRead	16	static
lora.c:415:10:usValidPacketCntRead	16	static
lora.c:423:9:ucRxCodingRateRead	16	static
lora.c:430:9:ucModemStatusRead	16	static
lora.c:437:9:ucPacketSnrRead	16	static
lora.c:444:9:ucPacketRssiRead	16	static
lora.c:451:9:ucRssiRead	16	static
lora.c:458:9:ucPllTimeoutRead	16	static
lora.c:465:9:ucCrcOnPayloadread	16	static
lora.c:472:9:ucFhssPresentChannelRead	16	static
lora.c:479:6:vBandWidthInit	24	static
lora.c:491:6:vCodingRateInit	24	static
lora.c:503:6:vImplicitHeaderModeOnInit	24	static
lora.c:515:6:vSpreadingFactor	24	static
lora.c:528:6:vTxContinuousModeInit	24	static
lora.c:540:6:vRxPayloadCrcOnInit	24	static
lora.c:552:6:vSymbTimeoutInit	24	static
lora.c:562:6:vPreambleLengthInit	16	static
lora.c:568:6:vPayloadLengthInit	16	static
lora.c:573:6:vPayloadMaxLengthInit	16	static
lora.c:578:6:vFreqHoppingPeriodInit	16	static
lora.c:583:9:ucFifoRxByteAddrPtr	16	static
lora.c:590:6:vLowDataRateOptimizeInit	24	static
lora.c:602:6:vAgcAutoOnInit	24	static
lora.c:614:14:uiFreqError	24	static
lora.c:623:9:ucRssiWidebandInit	16	static
lora.c:630:6:vDetectionOptimizeInit	24	static
lora.c:642:6:vInvertIQInit	24	static
lora.c:653:6:vDetectionThresholdInit	16	static
lora.c:661:6:vSyncWordInit	16	static
lora.c:666:6:vDio0MappingInit	24	static
lora.c:678:6:vDio1MappingInit	24	static
lora.c:690:6:vDio2MappingInit	24	static
lora.c:702:6:vDio3MappingInit	24	static
lora.c:714:6:vDio4MappingInit	24	static
lora.c:726:6:vDio5MappingInit	24	static
lora.c:738:6:vMapPreambleDetectInit	24	static
lora.c:750:9:ucVersionRead	16	static
lora.c:757:6:vTcxoInputOnInit	24	static
lora.c:769:6:vPaDacInit	24	static
lora.c:781:6:vFormerTempInit	16	static
lora.c:786:6:vAgcReferenceLevelInit	24	static
lora.c:798:6:vAgcStep1Init	24	static
lora.c:810:6:vAgcStep2Init	24	static
lora.c:822:6:vAgcStep3Init	24	static
lora.c:834:6:vAgcStep4Init	24	static
lora.c:846:6:vAgcStep5Init	24	static
lora.c:858:6:vRegPllInit	24	static
lora.c:874:6:SystemClock_Config	88	static
lora.c:919:6:MX_ADC1_Init	24	static
lora.c:964:6:MX_SPI1_Init	8	static
lora.c:1002:6:MX_USART1_UART_Init	8	static
lora.c:1035:6:MX_GPIO_Init	40	static
