lora.c:23:6:vSpi1Write	48	static
lora.c:39:9:ucSpi1Read	48	static
lora.c:55:9:ucReadFifo	16	static
lora.c:67:6:vWriteFifo	16	static
lora.c:77:6:vLongRangeModeInit	24	static
lora.c:94:6:vAccessSharedRegInit	24	static
lora.c:111:6:vLowFrequencyModeOnInit	24	static
lora.c:127:6:vModeInit	24	static
lora.c:144:6:vFrfInit	16	static
lora.c:156:6:vPaSelectInit	24	static
lora.c:173:6:vMaxPowerInit	24	static
lora.c:190:6:vOutputPowerInit	24	static
lora.c:207:6:vPaRampInit	24	static
lora.c:224:6:vOcpOnInit	24	static
lora.c:241:6:vOcpTrimInit	24	static
lora.c:258:6:vLnaGainInit	24	static
lora.c:275:6:vLnaBoostLfInit	24	static
lora.c:292:6:vLnaBoostHfInit	24	static
lora.c:309:9:ucFifoAddrPtrRead	16	static
lora.c:321:6:vFifoAddrPtrWrite	16	static
lora.c:331:6:vFifoTxBaseAddrInit	16	static
lora.c:341:6:vFifoRxBaseAddrInit	16	static
lora.c:351:9:ucFifoRxCurrentAddrRead	16	static
lora.c:459:6:vIrqFlagsMaskInit	24	static
lora.c:472:9:ucIrqFlagsRead	16	static
lora.c:484:6:vIrqFlagsClear	24	static
lora.c:497:9:ucFifoRxBytesNbRead	16	static
lora.c:509:10:usValidHeaderCntRead	16	static
lora.c:522:10:usValidPacketCntRead	16	static
lora.c:535:9:ucRxCodingRateRead	16	static
lora.c:547:9:ucModemStatusRead	16	static
lora.c:559:9:ucPacketSnrRead	16	static
lora.c:571:9:ucPacketRssiRead	16	static
lora.c:583:9:ucRssiRead	16	static
lora.c:595:9:ucPllTimeoutRead	16	static
lora.c:607:9:ucCrcOnPayloadread	16	static
lora.c:619:9:ucFhssPresentChannelRead	16	static
lora.c:631:6:vBandWidthInit	24	static
lora.c:648:6:vCodingRateInit	24	static
lora.c:665:6:vImplicitHeaderModeOnInit	24	static
lora.c:682:6:vSpreadingFactorInit	24	static
lora.c:699:6:vTxContinuousModeInit	24	static
lora.c:716:6:vRxPayloadCrcOnInit	24	static
lora.c:733:6:vSymbTimeoutInit	24	static
lora.c:748:6:vPreambleLengthInit	16	static
lora.c:759:6:vPayloadLengthInit	16	static
lora.c:769:6:vPayloadMaxLengthInit	16	static
lora.c:779:6:vFreqHoppingPeriodInit	16	static
lora.c:789:9:ucFifoRxByteAddrPtr	16	static
lora.c:801:6:vLowDataRateOptimizeInit	24	static
lora.c:818:6:vAgcAutoOnInit	24	static
lora.c:835:14:uiFreqError	24	static
lora.c:849:9:ucRssiWidebandInit	16	static
lora.c:861:6:vDetectionOptimizeInit	24	static
lora.c:878:6:vInvertIQInit	24	static
lora.c:894:6:vDetectionThresholdInit	16	static
lora.c:907:6:vSyncWordInit	16	static
lora.c:917:6:vDio0MappingInit	24	static
lora.c:934:6:vDio1MappingInit	24	static
lora.c:951:6:vDio2MappingInit	24	static
lora.c:968:6:vDio3MappingInit	24	static
lora.c:985:6:vDio4MappingInit	24	static
lora.c:1002:6:vDio5MappingInit	24	static
lora.c:1020:6:vMapPreambleDetectInit	24	static
lora.c:1037:9:ucVersionRead	16	static
lora.c:1049:6:vTcxoInputOnInit	24	static
lora.c:1066:6:vPaDacInit	24	static
lora.c:1084:6:vFormerTempInit	16	static
lora.c:1094:6:vAgcReferenceLevelInit	24	static
lora.c:1111:6:vAgcStep1Init	24	static
lora.c:1128:6:vAgcStep2Init	24	static
lora.c:1145:6:vAgcStep3Init	24	static
lora.c:1162:6:vAgcStep4Init	24	static
lora.c:1179:6:vAgcStep5Init	24	static
lora.c:1196:6:vPllBandwidth	24	static
lora.c:1208:6:vLoraInit	16	static
