lora.c:22:6:vSpi1Write	48	static
lora.c:47:9:ucSpi1Read	48	static
lora.c:69:9:ucReadFifo	16	static
lora.c:76:6:vWriteFifo	16	static
lora.c:86:6:vLongRangeModeInit	24	static
lora.c:98:6:vAccessSharedRegInit	24	static
lora.c:110:6:vLowFrequencyModeOnInit	24	static
lora.c:126:6:vModeInit	24	static
lora.c:138:6:vFrfInit	16	static
lora.c:149:6:vPaSelectInit	24	static
lora.c:161:6:vMaxPowerInit	24	static
lora.c:173:6:vOutputPowerInit	24	static
lora.c:185:6:vPaRampInit	24	static
lora.c:197:6:vOcpOnInit	24	static
lora.c:214:6:vOcpTrim	24	static
lora.c:226:6:vLnaGainInit	24	static
lora.c:238:6:vLnaBoostLfInit	24	static
lora.c:250:6:vLnaBoostHfInit	24	static
lora.c:262:9:ucFifoAddrPtrRead	16	static
lora.c:269:6:vFifoAddrPtrWrite	16	static
lora.c:274:6:vFifoTxBaseAddrInit	16	static
lora.c:279:6:vFifoRxBaseAddrInit	16	static
lora.c:284:9:ucFifoRxCurrentAddrRead	16	static
lora.c:387:6:vIrqFlagsMaskInit	24	static
lora.c:395:9:ucIrqFlagsRead	16	static
lora.c:402:6:vIrqFlagsClear	24	static
lora.c:410:9:ucFifoRxBytesNbRead	16	static
lora.c:417:10:usValidHeaderCntRead	16	static
lora.c:425:10:usValidPacketCntRead	16	static
lora.c:433:9:ucRxCodingRateRead	16	static
lora.c:440:9:ucModemStatusRead	16	static
lora.c:447:9:ucPacketSnrRead	16	static
lora.c:454:9:ucPacketRssiRead	16	static
lora.c:461:9:ucRssiRead	16	static
lora.c:468:9:ucPllTimeoutRead	16	static
lora.c:475:9:ucCrcOnPayloadread	16	static
lora.c:482:9:ucFhssPresentChannelRead	16	static
lora.c:489:6:vBandWidthInit	24	static
lora.c:501:6:vCodingRateInit	24	static
lora.c:513:6:vImplicitHeaderModeOnInit	24	static
lora.c:525:6:vSpreadingFactor	24	static
lora.c:537:6:vTxContinuousModeInit	24	static
lora.c:549:6:vRxPayloadCrcOnInit	24	static
lora.c:561:6:vSymbTimeoutInit	24	static
lora.c:571:6:vPreambleLengthInit	16	static
lora.c:577:6:vPayloadLengthInit	16	static
lora.c:582:6:vPayloadMaxLengthInit	16	static
lora.c:587:6:vFreqHoppingPeriodInit	16	static
lora.c:592:9:ucFifoRxByteAddrPtr	16	static
lora.c:599:6:vLowDataRateOptimizeInit	24	static
lora.c:611:6:vAgcAutoOnInit	24	static
lora.c:623:14:uiFreqError	24	static
lora.c:632:9:ucRssiWidebandInit	16	static
lora.c:639:6:vDetectionOptimizeInit	24	static
lora.c:651:6:vInvertIQInit	24	static
lora.c:662:6:vDetectionThresholdInit	16	static
lora.c:670:6:vSyncWordInit	16	static
lora.c:675:6:vDio0MappingInit	24	static
lora.c:687:6:vDio1MappingInit	24	static
lora.c:699:6:vDio2MappingInit	24	static
lora.c:711:6:vDio3MappingInit	24	static
lora.c:723:6:vDio4MappingInit	24	static
lora.c:735:6:vDio5MappingInit	24	static
lora.c:747:6:vMapPreambleDetectInit	24	static
lora.c:759:9:ucVersionRead	16	static
lora.c:766:6:vTcxoInputOnInit	24	static
lora.c:778:6:vPaDacInit	24	static
lora.c:790:6:vFormerTempInit	16	static
lora.c:795:6:vAgcReferenceLevelInit	24	static
lora.c:807:6:vAgcStep1Init	24	static
lora.c:819:6:vAgcStep2Init	24	static
lora.c:831:6:vAgcStep3Init	24	static
lora.c:843:6:vAgcStep4Init	24	static
lora.c:855:6:vAgcStep5Init	24	static
lora.c:867:6:vRegPllInit	24	static
