stm32f1xx_it.c:75:6:NMI_Handler	4	static
stm32f1xx_it.c:90:6:HardFault_Handler	32	static
stm32f1xx_it.c:106:6:MemManage_Handler	4	static
stm32f1xx_it.c:121:6:BusFault_Handler	4	static
stm32f1xx_it.c:136:6:UsageFault_Handler	4	static
stm32f1xx_it.c:151:6:SVC_Handler	4	static
stm32f1xx_it.c:164:6:DebugMon_Handler	4	static
stm32f1xx_it.c:177:6:PendSV_Handler	4	static
stm32f1xx_it.c:190:6:SysTick_Handler	8	static
stm32f1xx_it.c:211:6:ADC1_2_IRQHandler	8	static
stm32f1xx_it.c:225:6:TIM4_IRQHandler	8	static
stm32f1xx_it.c:239:6:USART1_IRQHandler	32	static
stm32f1xx_it.c:251:13:HAL_ADC_ConvCpltCallback	16	static
stm32f1xx_it.c:259:13:HAL_UART_RxCpltCallback	24	static
stm32f1xx_it.c:288:13:HAL_TIM_PeriodElapsedCallback	16	static
