stm32f1xx_it.c:78:6:NMI_Handler	4	static
stm32f1xx_it.c:93:6:HardFault_Handler	8	static
stm32f1xx_it.c:109:6:MemManage_Handler	8	static
stm32f1xx_it.c:125:6:BusFault_Handler	8	static
stm32f1xx_it.c:141:6:UsageFault_Handler	8	static
stm32f1xx_it.c:157:6:SVC_Handler	8	static
stm32f1xx_it.c:170:6:DebugMon_Handler	4	static
stm32f1xx_it.c:183:6:PendSV_Handler	4	static
stm32f1xx_it.c:196:6:SysTick_Handler	8	static
stm32f1xx_it.c:217:6:EXTI2_IRQHandler	8	static
stm32f1xx_it.c:231:6:EXTI3_IRQHandler	8	static
stm32f1xx_it.c:245:6:ADC1_2_IRQHandler	8	static
stm32f1xx_it.c:259:6:TIM4_IRQHandler	8	static
stm32f1xx_it.c:273:6:USART1_IRQHandler	8	static
stm32f1xx_it.c:284:6:HAL_ADC_ConvCpltCallback	32	static
stm32f1xx_it.c:293:13:HAL_UART_RxCpltCallback	24	static
stm32f1xx_it.c:323:13:HAL_TIM_PeriodElapsedCallback	16	static
stm32f1xx_it.c:349:6:HAL_GPIO_EXTI_Callback	32	static
